Archive member included to satisfy reference by file (symbol)

/home/steven/riscv-atom/sw/lib/libcatom.a(stdio.o)
                              /tmp/ccQyxnFT.o (printf)
/home/steven/riscv-atom/sw/lib/libcatom.a(string.o)
                              /tmp/ccriwERK.o (strcmp)
/home/steven/riscv-atom/sw/lib/libcatom.a(start.o)
                              (_start)
/home/steven/riscv-atom/sw/lib/libcatom.a(serial.o)
                              /home/steven/riscv-atom/sw/lib/libcatom.a(stdio.o) (serial_write)
/home/steven/riscv-atom/sw/lib/libcatom.a(time.o)
                              /home/steven/riscv-atom/sw/lib/libcatom.a(serial.o) (sleep)
/home/steven/opt/riscv/rv64gc-multilib/bin/../lib/gcc/riscv64-unknown-elf/12.2.0/rv32im/ilp32/libgcc.a(_divdi3.o)
                              /home/steven/riscv-atom/sw/lib/libcatom.a(stdio.o) (__divdi3)
/home/steven/opt/riscv/rv64gc-multilib/bin/../lib/gcc/riscv64-unknown-elf/12.2.0/rv32im/ilp32/libgcc.a(_moddi3.o)
                              /home/steven/riscv-atom/sw/lib/libcatom.a(stdio.o) (__moddi3)
/home/steven/opt/riscv/rv64gc-multilib/bin/../lib/gcc/riscv64-unknown-elf/12.2.0/rv32im/ilp32/libgcc.a(divsf3.o)
                              /tmp/ccQyxnFT.o (__divsf3)
/home/steven/opt/riscv/rv64gc-multilib/bin/../lib/gcc/riscv64-unknown-elf/12.2.0/rv32im/ilp32/libgcc.a(mulsf3.o)
                              /tmp/ccQyxnFT.o (__mulsf3)
/home/steven/opt/riscv/rv64gc-multilib/bin/../lib/gcc/riscv64-unknown-elf/12.2.0/rv32im/ilp32/libgcc.a(fixsfsi.o)
                              /tmp/ccQyxnFT.o (__fixsfsi)
/home/steven/opt/riscv/rv64gc-multilib/bin/../lib/gcc/riscv64-unknown-elf/12.2.0/rv32im/ilp32/libgcc.a(floatsisf.o)
                              /tmp/ccQyxnFT.o (__floatsisf)
/home/steven/opt/riscv/rv64gc-multilib/bin/../lib/gcc/riscv64-unknown-elf/12.2.0/rv32im/ilp32/libgcc.a(div.o)
                              /home/steven/riscv-atom/sw/lib/libcatom.a(serial.o) (__divsi3)
/home/steven/opt/riscv/rv64gc-multilib/bin/../lib/gcc/riscv64-unknown-elf/12.2.0/rv32im/ilp32/libgcc.a(_clz.o)
                              /home/steven/opt/riscv/rv64gc-multilib/bin/../lib/gcc/riscv64-unknown-elf/12.2.0/rv32im/ilp32/libgcc.a(_divdi3.o) (__clz_tab)
/home/steven/opt/riscv/rv64gc-multilib/bin/../lib/gcc/riscv64-unknown-elf/12.2.0/rv32im/ilp32/libgcc.a(_clzsi2.o)
                              /home/steven/opt/riscv/rv64gc-multilib/bin/../lib/gcc/riscv64-unknown-elf/12.2.0/rv32im/ilp32/libgcc.a(divsf3.o) (__clzsi2)
/home/steven/opt/riscv/rv64gc-multilib/bin/../lib/gcc/riscv64-unknown-elf/12.2.0/../../../../riscv64-unknown-elf/lib/rv32im/ilp32/libc.a(lib_a-strcpy.o)
                              /tmp/ccQyxnFT.o (strcpy)

Discarded input sections

 .data          0x0000000000000000        0x0 /tmp/ccQyxnFT.o
 .data          0x0000000000000000        0x0 /tmp/ccriwERK.o
 .bss           0x0000000000000000        0x0 /tmp/ccriwERK.o
 .data          0x0000000000000000        0x0 /tmp/ccVy6RXy.o
 .text          0x0000000000000000        0x0 /home/steven/riscv-atom/sw/lib/libcatom.a(stdio.o)
 .data          0x0000000000000000        0x0 /home/steven/riscv-atom/sw/lib/libcatom.a(stdio.o)
 .bss           0x0000000000000000        0x0 /home/steven/riscv-atom/sw/lib/libcatom.a(stdio.o)
 .text.getchar  0x0000000000000000       0x30 /home/steven/riscv-atom/sw/lib/libcatom.a(stdio.o)
 .text.gets     0x0000000000000000      0x1cc /home/steven/riscv-atom/sw/lib/libcatom.a(stdio.o)
 .text          0x0000000000000000        0x0 /home/steven/riscv-atom/sw/lib/libcatom.a(string.o)
 .data          0x0000000000000000        0x0 /home/steven/riscv-atom/sw/lib/libcatom.a(string.o)
 .bss           0x0000000000000000        0x0 /home/steven/riscv-atom/sw/lib/libcatom.a(string.o)
 .text.strlen   0x0000000000000000       0x54 /home/steven/riscv-atom/sw/lib/libcatom.a(string.o)
 .text.strtok   0x0000000000000000       0xe4 /home/steven/riscv-atom/sw/lib/libcatom.a(string.o)
 .text.memcpy   0x0000000000000000       0x68 /home/steven/riscv-atom/sw/lib/libcatom.a(string.o)
 .text.memset   0x0000000000000000       0x60 /home/steven/riscv-atom/sw/lib/libcatom.a(string.o)
 .sbss.nxt.0    0x0000000000000000        0x4 /home/steven/riscv-atom/sw/lib/libcatom.a(string.o)
 .text          0x0000000000000000        0x0 /home/steven/riscv-atom/sw/lib/libcatom.a(start.o)
 .data          0x0000000000000000        0x0 /home/steven/riscv-atom/sw/lib/libcatom.a(start.o)
 .bss           0x0000000000000000        0x0 /home/steven/riscv-atom/sw/lib/libcatom.a(start.o)
 .text          0x0000000000000000        0x0 /home/steven/riscv-atom/sw/lib/libcatom.a(serial.o)
 .data          0x0000000000000000        0x0 /home/steven/riscv-atom/sw/lib/libcatom.a(serial.o)
 .bss           0x0000000000000000        0x0 /home/steven/riscv-atom/sw/lib/libcatom.a(serial.o)
 .text.serial_init
                0x0000000000000000       0x40 /home/steven/riscv-atom/sw/lib/libcatom.a(serial.o)
 .text.serial_getBaud
                0x0000000000000000       0x54 /home/steven/riscv-atom/sw/lib/libcatom.a(serial.o)
 .text.serial_setBaud
                0x0000000000000000       0x58 /home/steven/riscv-atom/sw/lib/libcatom.a(serial.o)
 .text.serial_getStatus
                0x0000000000000000       0x2c /home/steven/riscv-atom/sw/lib/libcatom.a(serial.o)
 .text.serial_read
                0x0000000000000000       0x58 /home/steven/riscv-atom/sw/lib/libcatom.a(serial.o)
 .text          0x0000000000000000        0x0 /home/steven/riscv-atom/sw/lib/libcatom.a(time.o)
 .data          0x0000000000000000        0x0 /home/steven/riscv-atom/sw/lib/libcatom.a(time.o)
 .bss           0x0000000000000000        0x0 /home/steven/riscv-atom/sw/lib/libcatom.a(time.o)
 .text.cycle    0x0000000000000000       0x84 /home/steven/riscv-atom/sw/lib/libcatom.a(time.o)
 .data          0x0000000000000000        0x0 /home/steven/opt/riscv/rv64gc-multilib/bin/../lib/gcc/riscv64-unknown-elf/12.2.0/rv32im/ilp32/libgcc.a(_divdi3.o)
 .bss           0x0000000000000000        0x0 /home/steven/opt/riscv/rv64gc-multilib/bin/../lib/gcc/riscv64-unknown-elf/12.2.0/rv32im/ilp32/libgcc.a(_divdi3.o)
 .eh_frame      0x0000000000000000       0x28 /home/steven/opt/riscv/rv64gc-multilib/bin/../lib/gcc/riscv64-unknown-elf/12.2.0/rv32im/ilp32/libgcc.a(_divdi3.o)
 .data          0x0000000000000000        0x0 /home/steven/opt/riscv/rv64gc-multilib/bin/../lib/gcc/riscv64-unknown-elf/12.2.0/rv32im/ilp32/libgcc.a(_moddi3.o)
 .bss           0x0000000000000000        0x0 /home/steven/opt/riscv/rv64gc-multilib/bin/../lib/gcc/riscv64-unknown-elf/12.2.0/rv32im/ilp32/libgcc.a(_moddi3.o)
 .eh_frame      0x0000000000000000       0x28 /home/steven/opt/riscv/rv64gc-multilib/bin/../lib/gcc/riscv64-unknown-elf/12.2.0/rv32im/ilp32/libgcc.a(_moddi3.o)
 .data          0x0000000000000000        0x0 /home/steven/opt/riscv/rv64gc-multilib/bin/../lib/gcc/riscv64-unknown-elf/12.2.0/rv32im/ilp32/libgcc.a(divsf3.o)
 .bss           0x0000000000000000        0x0 /home/steven/opt/riscv/rv64gc-multilib/bin/../lib/gcc/riscv64-unknown-elf/12.2.0/rv32im/ilp32/libgcc.a(divsf3.o)
 .data          0x0000000000000000        0x0 /home/steven/opt/riscv/rv64gc-multilib/bin/../lib/gcc/riscv64-unknown-elf/12.2.0/rv32im/ilp32/libgcc.a(mulsf3.o)
 .bss           0x0000000000000000        0x0 /home/steven/opt/riscv/rv64gc-multilib/bin/../lib/gcc/riscv64-unknown-elf/12.2.0/rv32im/ilp32/libgcc.a(mulsf3.o)
 .data          0x0000000000000000        0x0 /home/steven/opt/riscv/rv64gc-multilib/bin/../lib/gcc/riscv64-unknown-elf/12.2.0/rv32im/ilp32/libgcc.a(fixsfsi.o)
 .bss           0x0000000000000000        0x0 /home/steven/opt/riscv/rv64gc-multilib/bin/../lib/gcc/riscv64-unknown-elf/12.2.0/rv32im/ilp32/libgcc.a(fixsfsi.o)
 .data          0x0000000000000000        0x0 /home/steven/opt/riscv/rv64gc-multilib/bin/../lib/gcc/riscv64-unknown-elf/12.2.0/rv32im/ilp32/libgcc.a(floatsisf.o)
 .bss           0x0000000000000000        0x0 /home/steven/opt/riscv/rv64gc-multilib/bin/../lib/gcc/riscv64-unknown-elf/12.2.0/rv32im/ilp32/libgcc.a(floatsisf.o)
 .text          0x0000000000000000       0xb4 /home/steven/opt/riscv/rv64gc-multilib/bin/../lib/gcc/riscv64-unknown-elf/12.2.0/rv32im/ilp32/libgcc.a(div.o)
 .data          0x0000000000000000        0x0 /home/steven/opt/riscv/rv64gc-multilib/bin/../lib/gcc/riscv64-unknown-elf/12.2.0/rv32im/ilp32/libgcc.a(div.o)
 .bss           0x0000000000000000        0x0 /home/steven/opt/riscv/rv64gc-multilib/bin/../lib/gcc/riscv64-unknown-elf/12.2.0/rv32im/ilp32/libgcc.a(div.o)
 .debug_line    0x0000000000000000      0x153 /home/steven/opt/riscv/rv64gc-multilib/bin/../lib/gcc/riscv64-unknown-elf/12.2.0/rv32im/ilp32/libgcc.a(div.o)
 .debug_line_str
                0x0000000000000000       0xad /home/steven/opt/riscv/rv64gc-multilib/bin/../lib/gcc/riscv64-unknown-elf/12.2.0/rv32im/ilp32/libgcc.a(div.o)
 .debug_info    0x0000000000000000       0x59 /home/steven/opt/riscv/rv64gc-multilib/bin/../lib/gcc/riscv64-unknown-elf/12.2.0/rv32im/ilp32/libgcc.a(div.o)
 .debug_abbrev  0x0000000000000000       0x21 /home/steven/opt/riscv/rv64gc-multilib/bin/../lib/gcc/riscv64-unknown-elf/12.2.0/rv32im/ilp32/libgcc.a(div.o)
 .debug_aranges
                0x0000000000000000       0x20 /home/steven/opt/riscv/rv64gc-multilib/bin/../lib/gcc/riscv64-unknown-elf/12.2.0/rv32im/ilp32/libgcc.a(div.o)
 .debug_str     0x0000000000000000       0xf2 /home/steven/opt/riscv/rv64gc-multilib/bin/../lib/gcc/riscv64-unknown-elf/12.2.0/rv32im/ilp32/libgcc.a(div.o)
 .riscv.attributes
                0x0000000000000000       0x1f /home/steven/opt/riscv/rv64gc-multilib/bin/../lib/gcc/riscv64-unknown-elf/12.2.0/rv32im/ilp32/libgcc.a(div.o)
 .text          0x0000000000000000        0x0 /home/steven/opt/riscv/rv64gc-multilib/bin/../lib/gcc/riscv64-unknown-elf/12.2.0/rv32im/ilp32/libgcc.a(_clz.o)
 .data          0x0000000000000000        0x0 /home/steven/opt/riscv/rv64gc-multilib/bin/../lib/gcc/riscv64-unknown-elf/12.2.0/rv32im/ilp32/libgcc.a(_clz.o)
 .bss           0x0000000000000000        0x0 /home/steven/opt/riscv/rv64gc-multilib/bin/../lib/gcc/riscv64-unknown-elf/12.2.0/rv32im/ilp32/libgcc.a(_clz.o)
 .data          0x0000000000000000        0x0 /home/steven/opt/riscv/rv64gc-multilib/bin/../lib/gcc/riscv64-unknown-elf/12.2.0/rv32im/ilp32/libgcc.a(_clzsi2.o)
 .bss           0x0000000000000000        0x0 /home/steven/opt/riscv/rv64gc-multilib/bin/../lib/gcc/riscv64-unknown-elf/12.2.0/rv32im/ilp32/libgcc.a(_clzsi2.o)
 .text          0x0000000000000000        0x0 /home/steven/opt/riscv/rv64gc-multilib/bin/../lib/gcc/riscv64-unknown-elf/12.2.0/../../../../riscv64-unknown-elf/lib/rv32im/ilp32/libc.a(lib_a-strcpy.o)
 .data          0x0000000000000000        0x0 /home/steven/opt/riscv/rv64gc-multilib/bin/../lib/gcc/riscv64-unknown-elf/12.2.0/../../../../riscv64-unknown-elf/lib/rv32im/ilp32/libc.a(lib_a-strcpy.o)
 .bss           0x0000000000000000        0x0 /home/steven/opt/riscv/rv64gc-multilib/bin/../lib/gcc/riscv64-unknown-elf/12.2.0/../../../../riscv64-unknown-elf/lib/rv32im/ilp32/libc.a(lib_a-strcpy.o)

Memory Configuration

Name             Origin             Length             Attributes
ROM              0x0000000000000000 0x0000000004000000 xr
RAM              0x0000000004000000 0x0000000004000000 xrw
*default*        0x0000000000000000 0xffffffffffffffff

Linker script and memory map

LOAD /tmp/ccQyxnFT.o
LOAD /tmp/ccriwERK.o
LOAD /tmp/ccVy6RXy.o
LOAD /home/steven/riscv-atom/sw/lib/libcatom.a
LOAD /home/steven/opt/riscv/rv64gc-multilib/bin/../lib/gcc/riscv64-unknown-elf/12.2.0/rv32im/ilp32/libgcc.a
START GROUP
LOAD /home/steven/opt/riscv/rv64gc-multilib/bin/../lib/gcc/riscv64-unknown-elf/12.2.0/../../../../riscv64-unknown-elf/lib/rv32im/ilp32/libc.a
LOAD /home/steven/opt/riscv/rv64gc-multilib/bin/../lib/gcc/riscv64-unknown-elf/12.2.0/../../../../riscv64-unknown-elf/lib/rv32im/ilp32/libgloss.a
END GROUP
LOAD /home/steven/opt/riscv/rv64gc-multilib/bin/../lib/gcc/riscv64-unknown-elf/12.2.0/rv32im/ilp32/libgcc.a

.text           0x0000000000000000     0x176c
 *(.boot*)
 .boot          0x0000000000000000       0x24 /home/steven/riscv-atom/sw/lib/libcatom.a(start.o)
                0x0000000000000000                _start
                0x000000000000001c                _exit
                0x0000000000000100                . = (ORIGIN (ROM) + 0x100)
 *fill*         0x0000000000000024       0xdc 
                0x0000000000000100                _svector = .
 *(.vector*)
 .vector        0x0000000000000100       0x84 /home/steven/riscv-atom/sw/lib/libcatom.a(start.o)
                0x0000000000000100                _IVT
 *(.text)
 .text          0x0000000000000184      0x21c /tmp/ccQyxnFT.o
                0x0000000000000184                Proc_1
                0x00000000000002fc                Proc_2
                0x000000000000032c                Proc_3
                0x0000000000000358                Proc_4
                0x0000000000000388                Proc_5
 .text          0x00000000000003a0      0x15c /tmp/ccriwERK.o
                0x00000000000003a0                Proc_6
                0x00000000000003f4                Proc_7
                0x0000000000000404                Proc_8
                0x000000000000046c                Func_1
                0x0000000000000490                Func_2
                0x00000000000004f0                Func_3
 .text          0x00000000000004fc       0x34 /tmp/ccVy6RXy.o
                0x00000000000004fc                time
                0x0000000000000504                malloc
 .text          0x0000000000000530      0x478 /home/steven/opt/riscv/rv64gc-multilib/bin/../lib/gcc/riscv64-unknown-elf/12.2.0/rv32im/ilp32/libgcc.a(_divdi3.o)
                0x0000000000000530                __divdi3
 .text          0x00000000000009a8      0x428 /home/steven/opt/riscv/rv64gc-multilib/bin/../lib/gcc/riscv64-unknown-elf/12.2.0/rv32im/ilp32/libgcc.a(_moddi3.o)
                0x00000000000009a8                __moddi3
 .text          0x0000000000000dd0      0x330 /home/steven/opt/riscv/rv64gc-multilib/bin/../lib/gcc/riscv64-unknown-elf/12.2.0/rv32im/ilp32/libgcc.a(divsf3.o)
                0x0000000000000dd0                __divsf3
 .text          0x0000000000001100      0x334 /home/steven/opt/riscv/rv64gc-multilib/bin/../lib/gcc/riscv64-unknown-elf/12.2.0/rv32im/ilp32/libgcc.a(mulsf3.o)
                0x0000000000001100                __mulsf3
 .text          0x0000000000001434       0x70 /home/steven/opt/riscv/rv64gc-multilib/bin/../lib/gcc/riscv64-unknown-elf/12.2.0/rv32im/ilp32/libgcc.a(fixsfsi.o)
                0x0000000000001434                __fixsfsi
 .text          0x00000000000014a4      0x114 /home/steven/opt/riscv/rv64gc-multilib/bin/../lib/gcc/riscv64-unknown-elf/12.2.0/rv32im/ilp32/libgcc.a(floatsisf.o)
                0x00000000000014a4                __floatsisf
 .text          0x00000000000015b8       0x4c /home/steven/opt/riscv/rv64gc-multilib/bin/../lib/gcc/riscv64-unknown-elf/12.2.0/rv32im/ilp32/libgcc.a(_clzsi2.o)
                0x00000000000015b8                __clzsi2
 *(.rodata)
 .rodata        0x0000000000001604       0x2b /home/steven/riscv-atom/sw/lib/libcatom.a(stdio.o)
 *fill*         0x000000000000162f        0x1 
 .rodata        0x0000000000001630       0x3c /home/steven/opt/riscv/rv64gc-multilib/bin/../lib/gcc/riscv64-unknown-elf/12.2.0/rv32im/ilp32/libgcc.a(divsf3.o)
 .rodata        0x000000000000166c      0x100 /home/steven/opt/riscv/rv64gc-multilib/bin/../lib/gcc/riscv64-unknown-elf/12.2.0/rv32im/ilp32/libgcc.a(_clz.o)
                0x000000000000166c                __clz_tab
                0x000000000000176c                . = ALIGN (0x4)
                0x000000000000176c                _etext = .

.text.startup   0x000000000000176c      0x698
 .text.startup  0x000000000000176c      0x698 /tmp/ccQyxnFT.o
                0x000000000000176c                main

.text.putchar   0x0000000000001e04       0x4c
 .text.putchar  0x0000000000001e04       0x4c /home/steven/riscv-atom/sw/lib/libcatom.a(stdio.o)
                0x0000000000001e04                putchar

.text.puts      0x0000000000001e50       0x54
 .text.puts     0x0000000000001e50       0x54 /home/steven/riscv-atom/sw/lib/libcatom.a(stdio.o)
                0x0000000000001e50                puts

.text.putint    0x0000000000001ea4      0x95c
 .text.putint   0x0000000000001ea4      0x95c /home/steven/riscv-atom/sw/lib/libcatom.a(stdio.o)
                0x0000000000001ea4                putint

.text.puthex    0x0000000000002800       0xbc
 .text.puthex   0x0000000000002800       0xbc /home/steven/riscv-atom/sw/lib/libcatom.a(stdio.o)
                0x0000000000002800                puthex

.text.printf    0x00000000000028bc      0x348
 .text.printf   0x00000000000028bc      0x348 /home/steven/riscv-atom/sw/lib/libcatom.a(stdio.o)
                0x00000000000028bc                printf

.text.strncmp   0x0000000000002c04       0x9c
 .text.strncmp  0x0000000000002c04       0x9c /home/steven/riscv-atom/sw/lib/libcatom.a(string.o)
                0x0000000000002c04                strncmp

.text.strcmp    0x0000000000002ca0       0x40
 .text.strcmp   0x0000000000002ca0       0x40 /home/steven/riscv-atom/sw/lib/libcatom.a(string.o)
                0x0000000000002ca0                strcmp

.text.serial_write
                0x0000000000002ce0       0x64
 .text.serial_write
                0x0000000000002ce0       0x64 /home/steven/riscv-atom/sw/lib/libcatom.a(serial.o)
                0x0000000000002ce0                serial_write

.text.sleep     0x0000000000002d44       0x5c
 .text.sleep    0x0000000000002d44       0x5c /home/steven/riscv-atom/sw/lib/libcatom.a(time.o)
                0x0000000000002d44                sleep

.text.strcpy    0x0000000000002da0       0xb0
 .text.strcpy   0x0000000000002da0       0xb0 /home/steven/opt/riscv/rv64gc-multilib/bin/../lib/gcc/riscv64-unknown-elf/12.2.0/../../../../riscv64-unknown-elf/lib/rv32im/ilp32/libc.a(lib_a-strcpy.o)
                0x0000000000002da0                strcpy

.rodata.str1.4  0x0000000000002e50      0x5d5
 .rodata.str1.4
                0x0000000000002e50      0x5d5 /tmp/ccQyxnFT.o
                                        0x5d9 (size before relaxing)

.srodata.cst4   0x0000000000003428        0x8
 .srodata.cst4  0x0000000000003428        0x8 /tmp/ccQyxnFT.o

.rodata.printf  0x0000000000003430       0x84
 .rodata.printf
                0x0000000000003430       0x84 /home/steven/riscv-atom/sw/lib/libcatom.a(stdio.o)

.rela.dyn       0x00000000000034b4        0x0
 .rela.boot     0x00000000000034b4        0x0 /tmp/ccQyxnFT.o

.data           0x0000000004000000        0x0
                0x0000000004000000                _sdata = .
 *(.data*)
                0x0000000004000800                _global_pointer = (. + 0x800)
                0x0000000004000000                . = ALIGN (0x4)
                0x0000000004000000                _edata = .

.bss            0x0000000004000000     0x2bd8
                0x0000000004000000                _sbss = .
 *(.bss*)
 .bss           0x0000000004000000     0x27d8 /tmp/ccQyxnFT.o
                0x0000000004000000                Arr_1_Glob
                0x00000000040000c8                Arr_2_Glob
 .bss           0x00000000040027d8      0x400 /tmp/ccVy6RXy.o
                0x00000000040027d8                heap_memory
 *(COMMON)
                0x0000000004002bd8                . = ALIGN (0x4)
                0x0000000004002bd8                _ebss = .
                0x0000000004002bd8                _end = .
                [!provide]                        PROVIDE (_start_heap = _ebss)
                0x0000000008000000                PROVIDE (_stack_pointer = (ORIGIN (RAM) + LENGTH (RAM)))
OUTPUT(dhrystone elf32-littleriscv)

.sbss           0x0000000004002bd8       0x30
 .sbss          0x0000000004002bd8       0x2c /tmp/ccQyxnFT.o
                0x0000000004002bd8                Dhrystones_Per_Second
                0x0000000004002bdc                Microseconds
                0x0000000004002be0                User_Time
                0x0000000004002be4                End_Time
                0x0000000004002be8                Begin_Time
                0x0000000004002bec                Reg
                0x0000000004002bf0                Ch_2_Glob
                0x0000000004002bf1                Ch_1_Glob
                0x0000000004002bf4                Bool_Glob
                0x0000000004002bf8                Int_Glob
                0x0000000004002bfc                Next_Ptr_Glob
                0x0000000004002c00                Ptr_Glob
 .sbss          0x0000000004002c04        0x4 /tmp/ccVy6RXy.o
                0x0000000004002c04                heap_memory_used

.comment        0x0000000000000000       0x2d
 .comment       0x0000000000000000       0x1b /tmp/ccQyxnFT.o
                                         0x1c (size before relaxing)
 .comment       0x000000000000001b       0x1c /tmp/ccriwERK.o
 .comment       0x000000000000001b       0x1c /tmp/ccVy6RXy.o
 .comment       0x000000000000001b       0x1c /home/steven/riscv-atom/sw/lib/libcatom.a(stdio.o)
 .comment       0x000000000000001b       0x1c /home/steven/riscv-atom/sw/lib/libcatom.a(string.o)
 .comment       0x000000000000001b       0x1c /home/steven/riscv-atom/sw/lib/libcatom.a(serial.o)
 .comment       0x000000000000001b       0x1c /home/steven/riscv-atom/sw/lib/libcatom.a(time.o)
 .comment       0x000000000000001b       0x1c /home/steven/opt/riscv/rv64gc-multilib/bin/../lib/gcc/riscv64-unknown-elf/12.2.0/rv32im/ilp32/libgcc.a(_divdi3.o)
 .comment       0x000000000000001b       0x1c /home/steven/opt/riscv/rv64gc-multilib/bin/../lib/gcc/riscv64-unknown-elf/12.2.0/rv32im/ilp32/libgcc.a(_moddi3.o)
 .comment       0x000000000000001b       0x1c /home/steven/opt/riscv/rv64gc-multilib/bin/../lib/gcc/riscv64-unknown-elf/12.2.0/rv32im/ilp32/libgcc.a(divsf3.o)
 .comment       0x000000000000001b       0x1c /home/steven/opt/riscv/rv64gc-multilib/bin/../lib/gcc/riscv64-unknown-elf/12.2.0/rv32im/ilp32/libgcc.a(mulsf3.o)
 .comment       0x000000000000001b       0x1c /home/steven/opt/riscv/rv64gc-multilib/bin/../lib/gcc/riscv64-unknown-elf/12.2.0/rv32im/ilp32/libgcc.a(fixsfsi.o)
 .comment       0x000000000000001b       0x1c /home/steven/opt/riscv/rv64gc-multilib/bin/../lib/gcc/riscv64-unknown-elf/12.2.0/rv32im/ilp32/libgcc.a(floatsisf.o)
 .comment       0x000000000000001b       0x1c /home/steven/opt/riscv/rv64gc-multilib/bin/../lib/gcc/riscv64-unknown-elf/12.2.0/rv32im/ilp32/libgcc.a(_clz.o)
 .comment       0x000000000000001b       0x1c /home/steven/opt/riscv/rv64gc-multilib/bin/../lib/gcc/riscv64-unknown-elf/12.2.0/rv32im/ilp32/libgcc.a(_clzsi2.o)
 .comment       0x000000000000001b       0x12 /home/steven/opt/riscv/rv64gc-multilib/bin/../lib/gcc/riscv64-unknown-elf/12.2.0/../../../../riscv64-unknown-elf/lib/rv32im/ilp32/libc.a(lib_a-strcpy.o)
                                         0x13 (size before relaxing)

.riscv.attributes
                0x0000000000000000       0x25
 .riscv.attributes
                0x0000000000000000       0x21 /tmp/ccQyxnFT.o
 .riscv.attributes
                0x0000000000000021       0x21 /tmp/ccriwERK.o
 .riscv.attributes
                0x0000000000000042       0x21 /tmp/ccVy6RXy.o
 .riscv.attributes
                0x0000000000000063       0x1c /home/steven/riscv-atom/sw/lib/libcatom.a(stdio.o)
 .riscv.attributes
                0x000000000000007f       0x1c /home/steven/riscv-atom/sw/lib/libcatom.a(string.o)
 .riscv.attributes
                0x000000000000009b       0x1a /home/steven/riscv-atom/sw/lib/libcatom.a(start.o)
 .riscv.attributes
                0x00000000000000b5       0x1c /home/steven/riscv-atom/sw/lib/libcatom.a(serial.o)
 .riscv.attributes
                0x00000000000000d1       0x20 /home/steven/riscv-atom/sw/lib/libcatom.a(time.o)
 .riscv.attributes
                0x00000000000000f1       0x21 /home/steven/opt/riscv/rv64gc-multilib/bin/../lib/gcc/riscv64-unknown-elf/12.2.0/rv32im/ilp32/libgcc.a(_divdi3.o)
 .riscv.attributes
                0x0000000000000112       0x21 /home/steven/opt/riscv/rv64gc-multilib/bin/../lib/gcc/riscv64-unknown-elf/12.2.0/rv32im/ilp32/libgcc.a(_moddi3.o)
 .riscv.attributes
                0x0000000000000133       0x21 /home/steven/opt/riscv/rv64gc-multilib/bin/../lib/gcc/riscv64-unknown-elf/12.2.0/rv32im/ilp32/libgcc.a(divsf3.o)
 .riscv.attributes
                0x0000000000000154       0x21 /home/steven/opt/riscv/rv64gc-multilib/bin/../lib/gcc/riscv64-unknown-elf/12.2.0/rv32im/ilp32/libgcc.a(mulsf3.o)
 .riscv.attributes
                0x0000000000000175       0x21 /home/steven/opt/riscv/rv64gc-multilib/bin/../lib/gcc/riscv64-unknown-elf/12.2.0/rv32im/ilp32/libgcc.a(fixsfsi.o)
 .riscv.attributes
                0x0000000000000196       0x21 /home/steven/opt/riscv/rv64gc-multilib/bin/../lib/gcc/riscv64-unknown-elf/12.2.0/rv32im/ilp32/libgcc.a(floatsisf.o)
 .riscv.attributes
                0x00000000000001b7       0x21 /home/steven/opt/riscv/rv64gc-multilib/bin/../lib/gcc/riscv64-unknown-elf/12.2.0/rv32im/ilp32/libgcc.a(_clz.o)
 .riscv.attributes
                0x00000000000001d8       0x21 /home/steven/opt/riscv/rv64gc-multilib/bin/../lib/gcc/riscv64-unknown-elf/12.2.0/rv32im/ilp32/libgcc.a(_clzsi2.o)
 .riscv.attributes
                0x00000000000001f9       0x21 /home/steven/opt/riscv/rv64gc-multilib/bin/../lib/gcc/riscv64-unknown-elf/12.2.0/../../../../riscv64-unknown-elf/lib/rv32im/ilp32/libc.a(lib_a-strcpy.o)

.debug_info     0x0000000000000000     0x1c09
 .debug_info    0x0000000000000000      0x793 /home/steven/opt/riscv/rv64gc-multilib/bin/../lib/gcc/riscv64-unknown-elf/12.2.0/rv32im/ilp32/libgcc.a(_divdi3.o)
 .debug_info    0x0000000000000793      0x7e4 /home/steven/opt/riscv/rv64gc-multilib/bin/../lib/gcc/riscv64-unknown-elf/12.2.0/rv32im/ilp32/libgcc.a(_moddi3.o)
 .debug_info    0x0000000000000f77      0x360 /home/steven/opt/riscv/rv64gc-multilib/bin/../lib/gcc/riscv64-unknown-elf/12.2.0/rv32im/ilp32/libgcc.a(divsf3.o)
 .debug_info    0x00000000000012d7      0x354 /home/steven/opt/riscv/rv64gc-multilib/bin/../lib/gcc/riscv64-unknown-elf/12.2.0/rv32im/ilp32/libgcc.a(mulsf3.o)
 .debug_info    0x000000000000162b      0x1b1 /home/steven/opt/riscv/rv64gc-multilib/bin/../lib/gcc/riscv64-unknown-elf/12.2.0/rv32im/ilp32/libgcc.a(fixsfsi.o)
 .debug_info    0x00000000000017dc      0x213 /home/steven/opt/riscv/rv64gc-multilib/bin/../lib/gcc/riscv64-unknown-elf/12.2.0/rv32im/ilp32/libgcc.a(floatsisf.o)
 .debug_info    0x00000000000019ef       0xd8 /home/steven/opt/riscv/rv64gc-multilib/bin/../lib/gcc/riscv64-unknown-elf/12.2.0/rv32im/ilp32/libgcc.a(_clz.o)
 .debug_info    0x0000000000001ac7      0x142 /home/steven/opt/riscv/rv64gc-multilib/bin/../lib/gcc/riscv64-unknown-elf/12.2.0/rv32im/ilp32/libgcc.a(_clzsi2.o)

.debug_abbrev   0x0000000000000000      0xa34
 .debug_abbrev  0x0000000000000000      0x1bf /home/steven/opt/riscv/rv64gc-multilib/bin/../lib/gcc/riscv64-unknown-elf/12.2.0/rv32im/ilp32/libgcc.a(_divdi3.o)
 .debug_abbrev  0x00000000000001bf      0x1ca /home/steven/opt/riscv/rv64gc-multilib/bin/../lib/gcc/riscv64-unknown-elf/12.2.0/rv32im/ilp32/libgcc.a(_moddi3.o)
 .debug_abbrev  0x0000000000000389      0x14c /home/steven/opt/riscv/rv64gc-multilib/bin/../lib/gcc/riscv64-unknown-elf/12.2.0/rv32im/ilp32/libgcc.a(divsf3.o)
 .debug_abbrev  0x00000000000004d5      0x15b /home/steven/opt/riscv/rv64gc-multilib/bin/../lib/gcc/riscv64-unknown-elf/12.2.0/rv32im/ilp32/libgcc.a(mulsf3.o)
 .debug_abbrev  0x0000000000000630      0x15d /home/steven/opt/riscv/rv64gc-multilib/bin/../lib/gcc/riscv64-unknown-elf/12.2.0/rv32im/ilp32/libgcc.a(fixsfsi.o)
 .debug_abbrev  0x000000000000078d      0x16d /home/steven/opt/riscv/rv64gc-multilib/bin/../lib/gcc/riscv64-unknown-elf/12.2.0/rv32im/ilp32/libgcc.a(floatsisf.o)
 .debug_abbrev  0x00000000000008fa       0x70 /home/steven/opt/riscv/rv64gc-multilib/bin/../lib/gcc/riscv64-unknown-elf/12.2.0/rv32im/ilp32/libgcc.a(_clz.o)
 .debug_abbrev  0x000000000000096a       0xca /home/steven/opt/riscv/rv64gc-multilib/bin/../lib/gcc/riscv64-unknown-elf/12.2.0/rv32im/ilp32/libgcc.a(_clzsi2.o)

.debug_loclists
                0x0000000000000000     0x1dbe
 .debug_loclists
                0x0000000000000000      0x852 /home/steven/opt/riscv/rv64gc-multilib/bin/../lib/gcc/riscv64-unknown-elf/12.2.0/rv32im/ilp32/libgcc.a(_divdi3.o)
 .debug_loclists
                0x0000000000000852      0x74c /home/steven/opt/riscv/rv64gc-multilib/bin/../lib/gcc/riscv64-unknown-elf/12.2.0/rv32im/ilp32/libgcc.a(_moddi3.o)
 .debug_loclists
                0x0000000000000f9e      0x5e0 /home/steven/opt/riscv/rv64gc-multilib/bin/../lib/gcc/riscv64-unknown-elf/12.2.0/rv32im/ilp32/libgcc.a(divsf3.o)
 .debug_loclists
                0x000000000000157e      0x4f0 /home/steven/opt/riscv/rv64gc-multilib/bin/../lib/gcc/riscv64-unknown-elf/12.2.0/rv32im/ilp32/libgcc.a(mulsf3.o)
 .debug_loclists
                0x0000000000001a6e      0x106 /home/steven/opt/riscv/rv64gc-multilib/bin/../lib/gcc/riscv64-unknown-elf/12.2.0/rv32im/ilp32/libgcc.a(fixsfsi.o)
 .debug_loclists
                0x0000000000001b74      0x1e8 /home/steven/opt/riscv/rv64gc-multilib/bin/../lib/gcc/riscv64-unknown-elf/12.2.0/rv32im/ilp32/libgcc.a(floatsisf.o)
 .debug_loclists
                0x0000000000001d5c       0x62 /home/steven/opt/riscv/rv64gc-multilib/bin/../lib/gcc/riscv64-unknown-elf/12.2.0/rv32im/ilp32/libgcc.a(_clzsi2.o)

.debug_aranges  0x0000000000000000       0xf8
 .debug_aranges
                0x0000000000000000       0x20 /home/steven/opt/riscv/rv64gc-multilib/bin/../lib/gcc/riscv64-unknown-elf/12.2.0/rv32im/ilp32/libgcc.a(_divdi3.o)
 .debug_aranges
                0x0000000000000020       0x20 /home/steven/opt/riscv/rv64gc-multilib/bin/../lib/gcc/riscv64-unknown-elf/12.2.0/rv32im/ilp32/libgcc.a(_moddi3.o)
 .debug_aranges
                0x0000000000000040       0x20 /home/steven/opt/riscv/rv64gc-multilib/bin/../lib/gcc/riscv64-unknown-elf/12.2.0/rv32im/ilp32/libgcc.a(divsf3.o)
 .debug_aranges
                0x0000000000000060       0x20 /home/steven/opt/riscv/rv64gc-multilib/bin/../lib/gcc/riscv64-unknown-elf/12.2.0/rv32im/ilp32/libgcc.a(mulsf3.o)
 .debug_aranges
                0x0000000000000080       0x20 /home/steven/opt/riscv/rv64gc-multilib/bin/../lib/gcc/riscv64-unknown-elf/12.2.0/rv32im/ilp32/libgcc.a(fixsfsi.o)
 .debug_aranges
                0x00000000000000a0       0x20 /home/steven/opt/riscv/rv64gc-multilib/bin/../lib/gcc/riscv64-unknown-elf/12.2.0/rv32im/ilp32/libgcc.a(floatsisf.o)
 .debug_aranges
                0x00000000000000c0       0x18 /home/steven/opt/riscv/rv64gc-multilib/bin/../lib/gcc/riscv64-unknown-elf/12.2.0/rv32im/ilp32/libgcc.a(_clz.o)
 .debug_aranges
                0x00000000000000d8       0x20 /home/steven/opt/riscv/rv64gc-multilib/bin/../lib/gcc/riscv64-unknown-elf/12.2.0/rv32im/ilp32/libgcc.a(_clzsi2.o)

.debug_rnglists
                0x0000000000000000      0x418
 .debug_rnglists
                0x0000000000000000       0xff /home/steven/opt/riscv/rv64gc-multilib/bin/../lib/gcc/riscv64-unknown-elf/12.2.0/rv32im/ilp32/libgcc.a(_divdi3.o)
 .debug_rnglists
                0x00000000000000ff       0xbf /home/steven/opt/riscv/rv64gc-multilib/bin/../lib/gcc/riscv64-unknown-elf/12.2.0/rv32im/ilp32/libgcc.a(_moddi3.o)
 .debug_rnglists
                0x00000000000001be       0xd0 /home/steven/opt/riscv/rv64gc-multilib/bin/../lib/gcc/riscv64-unknown-elf/12.2.0/rv32im/ilp32/libgcc.a(divsf3.o)
 .debug_rnglists
                0x000000000000028e       0xbd /home/steven/opt/riscv/rv64gc-multilib/bin/../lib/gcc/riscv64-unknown-elf/12.2.0/rv32im/ilp32/libgcc.a(mulsf3.o)
 .debug_rnglists
                0x000000000000034b       0x1f /home/steven/opt/riscv/rv64gc-multilib/bin/../lib/gcc/riscv64-unknown-elf/12.2.0/rv32im/ilp32/libgcc.a(fixsfsi.o)
 .debug_rnglists
                0x000000000000036a       0x86 /home/steven/opt/riscv/rv64gc-multilib/bin/../lib/gcc/riscv64-unknown-elf/12.2.0/rv32im/ilp32/libgcc.a(floatsisf.o)
 .debug_rnglists
                0x00000000000003f0       0x28 /home/steven/opt/riscv/rv64gc-multilib/bin/../lib/gcc/riscv64-unknown-elf/12.2.0/rv32im/ilp32/libgcc.a(_clzsi2.o)

.debug_line     0x0000000000000000     0x25b9
 .debug_line    0x0000000000000000      0x7bc /home/steven/opt/riscv/rv64gc-multilib/bin/../lib/gcc/riscv64-unknown-elf/12.2.0/rv32im/ilp32/libgcc.a(_divdi3.o)
 .debug_line    0x00000000000007bc      0x824 /home/steven/opt/riscv/rv64gc-multilib/bin/../lib/gcc/riscv64-unknown-elf/12.2.0/rv32im/ilp32/libgcc.a(_moddi3.o)
 .debug_line    0x0000000000000fe0      0x818 /home/steven/opt/riscv/rv64gc-multilib/bin/../lib/gcc/riscv64-unknown-elf/12.2.0/rv32im/ilp32/libgcc.a(divsf3.o)
 .debug_line    0x00000000000017f8      0x77b /home/steven/opt/riscv/rv64gc-multilib/bin/../lib/gcc/riscv64-unknown-elf/12.2.0/rv32im/ilp32/libgcc.a(mulsf3.o)
 .debug_line    0x0000000000001f73      0x1db /home/steven/opt/riscv/rv64gc-multilib/bin/../lib/gcc/riscv64-unknown-elf/12.2.0/rv32im/ilp32/libgcc.a(fixsfsi.o)
 .debug_line    0x000000000000214e      0x361 /home/steven/opt/riscv/rv64gc-multilib/bin/../lib/gcc/riscv64-unknown-elf/12.2.0/rv32im/ilp32/libgcc.a(floatsisf.o)
 .debug_line    0x00000000000024af       0x3f /home/steven/opt/riscv/rv64gc-multilib/bin/../lib/gcc/riscv64-unknown-elf/12.2.0/rv32im/ilp32/libgcc.a(_clz.o)
 .debug_line    0x00000000000024ee       0xcb /home/steven/opt/riscv/rv64gc-multilib/bin/../lib/gcc/riscv64-unknown-elf/12.2.0/rv32im/ilp32/libgcc.a(_clzsi2.o)

.debug_str      0x0000000000000000      0x527
 .debug_str     0x0000000000000000      0x1e7 /home/steven/opt/riscv/rv64gc-multilib/bin/../lib/gcc/riscv64-unknown-elf/12.2.0/rv32im/ilp32/libgcc.a(_divdi3.o)
                                        0x247 (size before relaxing)
 .debug_str     0x00000000000001e7        0x9 /home/steven/opt/riscv/rv64gc-multilib/bin/../lib/gcc/riscv64-unknown-elf/12.2.0/rv32im/ilp32/libgcc.a(_moddi3.o)
                                        0x247 (size before relaxing)
 .debug_str     0x00000000000001f0      0x231 /home/steven/opt/riscv/rv64gc-multilib/bin/../lib/gcc/riscv64-unknown-elf/12.2.0/rv32im/ilp32/libgcc.a(divsf3.o)
                                        0x2cf (size before relaxing)
 .debug_str     0x0000000000000421       0x43 /home/steven/opt/riscv/rv64gc-multilib/bin/../lib/gcc/riscv64-unknown-elf/12.2.0/rv32im/ilp32/libgcc.a(mulsf3.o)
                                        0x28a (size before relaxing)
 .debug_str     0x0000000000000464       0x1d /home/steven/opt/riscv/rv64gc-multilib/bin/../lib/gcc/riscv64-unknown-elf/12.2.0/rv32im/ilp32/libgcc.a(fixsfsi.o)
                                        0x19d (size before relaxing)
 .debug_str     0x0000000000000481       0xa6 /home/steven/opt/riscv/rv64gc-multilib/bin/../lib/gcc/riscv64-unknown-elf/12.2.0/rv32im/ilp32/libgcc.a(floatsisf.o)
                                        0x22d (size before relaxing)
 .debug_str     0x0000000000000527      0x195 /home/steven/opt/riscv/rv64gc-multilib/bin/../lib/gcc/riscv64-unknown-elf/12.2.0/rv32im/ilp32/libgcc.a(_clz.o)
 .debug_str     0x0000000000000527      0x1b2 /home/steven/opt/riscv/rv64gc-multilib/bin/../lib/gcc/riscv64-unknown-elf/12.2.0/rv32im/ilp32/libgcc.a(_clzsi2.o)

.debug_line_str
                0x0000000000000000      0x219
 .debug_line_str
                0x0000000000000000       0xda /home/steven/opt/riscv/rv64gc-multilib/bin/../lib/gcc/riscv64-unknown-elf/12.2.0/rv32im/ilp32/libgcc.a(_divdi3.o)
                                        0x15c (size before relaxing)
 .debug_line_str
                0x00000000000000da      0x15c /home/steven/opt/riscv/rv64gc-multilib/bin/../lib/gcc/riscv64-unknown-elf/12.2.0/rv32im/ilp32/libgcc.a(_moddi3.o)
 .debug_line_str
                0x00000000000000da       0x7a /home/steven/opt/riscv/rv64gc-multilib/bin/../lib/gcc/riscv64-unknown-elf/12.2.0/rv32im/ilp32/libgcc.a(divsf3.o)
                                        0x168 (size before relaxing)
 .debug_line_str
                0x0000000000000154       0x47 /home/steven/opt/riscv/rv64gc-multilib/bin/../lib/gcc/riscv64-unknown-elf/12.2.0/rv32im/ilp32/libgcc.a(mulsf3.o)
                                        0x172 (size before relaxing)
 .debug_line_str
                0x000000000000019b       0x3e /home/steven/opt/riscv/rv64gc-multilib/bin/../lib/gcc/riscv64-unknown-elf/12.2.0/rv32im/ilp32/libgcc.a(fixsfsi.o)
                                        0x175 (size before relaxing)
 .debug_line_str
                0x00000000000001d9       0x40 /home/steven/opt/riscv/rv64gc-multilib/bin/../lib/gcc/riscv64-unknown-elf/12.2.0/rv32im/ilp32/libgcc.a(floatsisf.o)
                                        0x17b (size before relaxing)
 .debug_line_str
                0x0000000000000219      0x15c /home/steven/opt/riscv/rv64gc-multilib/bin/../lib/gcc/riscv64-unknown-elf/12.2.0/rv32im/ilp32/libgcc.a(_clz.o)
 .debug_line_str
                0x0000000000000219      0x15c /home/steven/opt/riscv/rv64gc-multilib/bin/../lib/gcc/riscv64-unknown-elf/12.2.0/rv32im/ilp32/libgcc.a(_clzsi2.o)

.debug_frame    0x0000000000000000      0x110
 .debug_frame   0x0000000000000000       0x4c /home/steven/opt/riscv/rv64gc-multilib/bin/../lib/gcc/riscv64-unknown-elf/12.2.0/rv32im/ilp32/libgcc.a(divsf3.o)
 .debug_frame   0x000000000000004c       0x4c /home/steven/opt/riscv/rv64gc-multilib/bin/../lib/gcc/riscv64-unknown-elf/12.2.0/rv32im/ilp32/libgcc.a(mulsf3.o)
 .debug_frame   0x0000000000000098       0x20 /home/steven/opt/riscv/rv64gc-multilib/bin/../lib/gcc/riscv64-unknown-elf/12.2.0/rv32im/ilp32/libgcc.a(fixsfsi.o)
 .debug_frame   0x00000000000000b8       0x38 /home/steven/opt/riscv/rv64gc-multilib/bin/../lib/gcc/riscv64-unknown-elf/12.2.0/rv32im/ilp32/libgcc.a(floatsisf.o)
 .debug_frame   0x00000000000000f0       0x20 /home/steven/opt/riscv/rv64gc-multilib/bin/../lib/gcc/riscv64-unknown-elf/12.2.0/rv32im/ilp32/libgcc.a(_clzsi2.o)
